******************************************************************************
                  TI ARM Linker Unix v18.12.4                  
******************************************************************************
>> Linked Tue May  5 16:10:47 2020

OUTPUT FILE NAME:   <Dumb Driving.out>
ENTRY POINT SYMBOL: "_c_int00_noargs"  address: 00001029


MEMORY CONFIGURATION

         name            origin    length      used     unused   attr    fill
----------------------  --------  ---------  --------  --------  ----  --------
  MAIN                  00000000   00040000  000010f8  0003ef08  R  X
  INFO                  00200000   00004000  00000000  00004000  R  X
  SRAM_CODE             01000000   00010000  00000220  0000fde0  RW X
  SRAM_DATA             20000000   00010000  00000220  0000fde0  RW  


SEGMENT ALLOCATION MAP

run origin  load origin   length   init length attrs members
----------  ----------- ---------- ----------- ----- -------
00000000    00000000    000010f8   000010f8    r-x
  00000000    00000000    000000e4   000000e4    r-- .intvecs
  000000e4    000000e4    00000fdc   00000fdc    r-x .text
  000010c0    000010c0    00000038   00000038    r-- .cinit
20000000    20000000    00000020   00000000    rw-
  20000000    20000000    0000001c   00000000    rw- .data
  2000001c    2000001c    00000004   00000000    rw- .bss
2000fe00    2000fe00    00000200   00000000    rw-
  2000fe00    2000fe00    00000200   00000000    rw- .stack


SECTION ALLOCATION MAP

 output                                  attributes/
section   page    origin      length       input sections
--------  ----  ----------  ----------   ----------------
.intvecs   0    00000000    000000e4     
                  00000000    000000e4     startup_msp432p401r_ccs.obj (.intvecs:retain)

.text      0    000000e4    00000fdc     
                  000000e4    00000420     PWM.obj (.text)
                  00000504    00000334     system_msp432p401r.obj (.text)
                  00000838    000001e0     Clock.obj (.text)
                  00000a18    0000015c     Motor.obj (.text)
                  00000b74    000000f4     LaunchPad.obj (.text)
                  00000c68    000000ec     main.obj (.text)
                  00000d54    000000e4     Bump.obj (.text)
                  00000e38    000000a8     TimerA2.obj (.text)
                  00000ee0    0000009c     rtsv7M4_T_le_v4SPD16_eabi.lib : memcpy_t2.asm.obj (.text)
                  00000f7c    00000068                                   : copy_decompress_lzss.c.obj (.text:decompress:lzss:__TI_decompress_lzss)
                  00000fe4    00000044                                   : autoinit.c.obj (.text:__TI_auto_init_nobinit_nopinit:__TI_auto_init_nobinit_nopinit)
                  00001028    00000034                                   : boot_cortex_m.c.obj (.text:_c_int00_noargs:_c_int00_noargs)
                  0000105c    00000024     CortexM.obj (.text)
                  00001080    0000001c     rtsv7M4_T_le_v4SPD16_eabi.lib : copy_zero_init.c.obj (.text:decompress:ZI:__TI_zero_init_nomemset:__TI_zero_init_nomemset)
                  0000109c    0000000e                                   : copy_decompress_none.c.obj (.text:decompress:none:__TI_decompress_none)
                  000010aa    0000000e     startup_msp432p401r_ccs.obj (.text)
                  000010b8    00000004     rtsv7M4_T_le_v4SPD16_eabi.lib : pre_init.c.obj (.text:_system_pre_init)
                  000010bc    00000004                                   : exit.c.obj (.text:abort:abort)

.cinit     0    000010c0    00000038     
                  000010c0    0000000d     (.cinit..data.load) [load image, compression = lzss]
                  000010cd    00000003     --HOLE-- [fill = 0]
                  000010d0    0000000c     (__TI_handler_table)
                  000010dc    00000004     --HOLE-- [fill = 0]
                  000010e0    00000008     (.cinit..bss.load) [load image, compression = zero_init]
                  000010e8    00000010     (__TI_cinit_table)

.init_array 
*          0    00000000    00000000     UNINITIALIZED

.binit     0    00000000    00000000     

.data      0    20000000    0000001c     UNINITIALIZED
                  20000000    00000018     Clock.obj (.data)
                  20000018    00000004     system_msp432p401r.obj (.data)

.bss       0    2000001c    00000004     UNINITIALIZED
                  2000001c    00000004     (.common:TimerA2Task)

.stack     0    2000fe00    00000200     UNINITIALIZED
                  2000fe00    00000004     rtsv7M4_T_le_v4SPD16_eabi.lib : boot_cortex_m.c.obj (.stack)
                  2000fe04    000001fc     --HOLE--

MODULE SUMMARY

       Module                        code   ro data   rw data
       ------                        ----   -------   -------
    ./
       PWM.obj                       1056   0         0      
       system_msp432p401r.obj        820    0         8      
       Clock.obj                     480    0         48     
       Motor.obj                     348    0         0      
       LaunchPad.obj                 244    0         0      
       startup_msp432p401r_ccs.obj   14     228       0      
       main.obj                      236    0         0      
       Bump.obj                      228    0         0      
       TimerA2.obj                   168    0         8      
       CortexM.obj                   36     0         0      
    +--+-----------------------------+------+---------+---------+
       Total:                        3630   228       64     
                                                             
    /Applications/ti/ccs930/ccs/tools/compiler/ti-cgt-arm_18.12.4.LTS/lib/rtsv7M4_T_le_v4SPD16_eabi.lib
       memcpy_t2.asm.obj             156    0         0      
       copy_decompress_lzss.c.obj    104    0         0      
       autoinit.c.obj                68     0         0      
       boot_cortex_m.c.obj           52     0         0      
       copy_zero_init.c.obj          28     0         0      
       copy_decompress_none.c.obj    14     0         0      
       exit.c.obj                    4      0         0      
       pre_init.c.obj                4      0         0      
    +--+-----------------------------+------+---------+---------+
       Total:                        430    0         0      
                                                             
       Stack:                        0      0         1024   
       Linker Generated:             0      49        0      
    +--+-----------------------------+------+---------+---------+
       Grand Total:                  4060   277       1088   


LINKER GENERATED COPY TABLES

__TI_cinit_table @ 000010e8 records: 2, size/record: 8, table size: 16
	.data: load addr=000010c0, load size=0000000d bytes, run addr=20000000, run size=0000001c bytes, compression=lzss
	.bss: load addr=000010e0, load size=00000008 bytes, run addr=2000001c, run size=00000004 bytes, compression=zero_init


LINKER GENERATED HANDLER TABLE

__TI_handler_table @ 000010d0 records: 3, size/record: 4, table size: 12
	index: 0, handler: __TI_decompress_lzss
	index: 1, handler: __TI_decompress_none
	index: 2, handler: __TI_zero_init


GLOBAL SYMBOLS: SORTED ALPHABETICALLY BY Name 

address   name                          
-------   ----                          
000010b7  ADC14_IRQHandler              
000010b7  AES256_IRQHandler             
00000d55  Bump_Init                     
00000d89  Bump_Read                     
000010b7  BusFault_Handler              
000010bd  C$$EXIT                       
000010b7  COMP_E0_IRQHandler            
000010b7  COMP_E1_IRQHandler            
20000008  CPMwait                       
000010b7  CS_IRQHandler                 
20000000  ClockFrequency                
0000098d  Clock_Delay1ms                
00000963  Clock_Delay1us                
0000094f  Clock_GetFreq                 
00000839  Clock_Init48MHz               
20000014  Crystalstable                 
000010b7  DMA_ERR_IRQHandler            
000010b7  DMA_INT0_IRQHandler           
000010b7  DMA_INT1_IRQHandler           
000010b7  DMA_INT2_IRQHandler           
000010b7  DMA_INT3_IRQHandler           
000010b7  DebugMon_Handler              
000010b7  Default_Handler               
0000105d  DisableInterrupts             
000010b7  EUSCIA0_IRQHandler            
000010b7  EUSCIA1_IRQHandler            
000010b7  EUSCIA2_IRQHandler            
000010b7  EUSCIA3_IRQHandler            
000010b7  EUSCIB0_IRQHandler            
000010b7  EUSCIB1_IRQHandler            
000010b7  EUSCIB2_IRQHandler            
000010b7  EUSCIB3_IRQHandler            
00001063  EnableInterrupts              
00001073  EndCritical                   
000010b7  FLCTL_IRQHandler              
000010b7  FPU_IRQHandler                
000010b7  HardFault_Handler             
20000010  IFlags                        
00000b75  LaunchPad_Init                
00000be5  LaunchPad_Input               
00000bff  LaunchPad_LED                 
00000c1d  LaunchPad_Output              
000010b7  MemManage_Handler             
00000b23  Motor_Backward                
00000a7f  Motor_Forward                 
00000a19  Motor_Init                    
00000ae9  Motor_Left                    
00000aaf  Motor_Right                   
00000a65  Motor_Stop                    
000010b7  NMI_Handler                   
000010b7  PCM_IRQHandler                
000010b7  PORT1_IRQHandler              
000010b7  PORT2_IRQHandler              
000010b7  PORT3_IRQHandler              
000010b7  PORT4_IRQHandler              
000010b7  PORT5_IRQHandler              
000010b7  PORT6_IRQHandler              
000010b7  PSS_IRQHandler                
000001cf  PWM_Duty1                     
000001ef  PWM_Duty2                     
00000293  PWM_Duty3                     
000002b3  PWM_Duty4                     
000000e5  PWM_Init1                     
0000014b  PWM_Init12                    
0000020f  PWM_Init34                    
000003fb  PWM_RobotArmDuty0             
00000421  PWM_RobotArmDuty1             
00000447  PWM_RobotArmDuty2             
0000041b  PWM_RobotArmGetDuty0          
00000441  PWM_RobotArmGetDuty1          
00000467  PWM_RobotArmGetDuty2          
000002d3  PWM_RobotArmInit              
000010b7  PendSV_Handler                
2000000c  Postwait                      
20000004  Prewait                       
000010b7  RTC_C_IRQHandler              
000010ab  Reset_Handler                 
000010b7  SVC_Handler                   
00001069  StartCritical                 
000010b7  SysTick_Handler               
20000018  SystemCoreClock               
00000505  SystemCoreClockUpdate         
0000077d  SystemInit                    
000010b7  T32_INT1_IRQHandler           
000010b7  T32_INT2_IRQHandler           
000010b7  T32_INTC_IRQHandler           
000010b7  TA0_0_IRQHandler              
000010b7  TA0_N_IRQHandler              
000010b7  TA1_0_IRQHandler              
000010b7  TA1_N_IRQHandler              
00000eab  TA2_0_IRQHandler              
00000eab  TA2_0_IRQHandler              
000010b7  TA2_N_IRQHandler              
000010b7  TA3_0_IRQHandler              
000010b7  TA3_N_IRQHandler              
00000c7d  TimedPause                    
2000001c  TimerA2Task                   
00000e39  TimerA2_Init                  
00000e97  TimerA2_Stop                  
000010b7  UsageFault_Handler            
4000480c  WDTCTL_SYM                    
000010b7  WDT_A_IRQHandler              
0000107b  WaitForInterrupt              
20010000  __STACK_END                   
00000200  __STACK_SIZE                  
000010e8  __TI_CINIT_Base               
000010f8  __TI_CINIT_Limit              
000010d0  __TI_Handler_Table_Base       
000010dc  __TI_Handler_Table_Limit      
00000fe5  __TI_auto_init_nobinit_nopinit
00000f7d  __TI_decompress_lzss          
0000109d  __TI_decompress_none          
ffffffff  __TI_pprof_out_hndl           
ffffffff  __TI_prof_data_size           
ffffffff  __TI_prof_data_start          
00000000  __TI_static_base__            
00001081  __TI_zero_init_nomemset       
00000ee1  __aeabi_memcpy                
00000ee1  __aeabi_memcpy4               
00000ee1  __aeabi_memcpy8               
ffffffff  __binit__                     
ffffffff  __c_args__                    
UNDEFED   __mpu_init                    
2000fe00  __stack                       
00001029  _c_int00_noargs               
UNDEFED   _system_post_cinit            
000010b9  _system_pre_init              
000010bd  abort                         
ffffffff  binit                         
00000cc1  checkBump                     
00000955  delay                         
00000000  interruptVectors              
00000d07  main                          
00000ee1  memcpy                        
00000ca9  turnLeft90                    
00000c91  turnRight90                   
00000c69  waitForInput                  


GLOBAL SYMBOLS: SORTED BY Symbol Address 

address   name                          
-------   ----                          
00000000  __TI_static_base__            
00000000  interruptVectors              
000000e5  PWM_Init1                     
0000014b  PWM_Init12                    
000001cf  PWM_Duty1                     
000001ef  PWM_Duty2                     
00000200  __STACK_SIZE                  
0000020f  PWM_Init34                    
00000293  PWM_Duty3                     
000002b3  PWM_Duty4                     
000002d3  PWM_RobotArmInit              
000003fb  PWM_RobotArmDuty0             
0000041b  PWM_RobotArmGetDuty0          
00000421  PWM_RobotArmDuty1             
00000441  PWM_RobotArmGetDuty1          
00000447  PWM_RobotArmDuty2             
00000467  PWM_RobotArmGetDuty2          
00000505  SystemCoreClockUpdate         
0000077d  SystemInit                    
00000839  Clock_Init48MHz               
0000094f  Clock_GetFreq                 
00000955  delay                         
00000963  Clock_Delay1us                
0000098d  Clock_Delay1ms                
00000a19  Motor_Init                    
00000a65  Motor_Stop                    
00000a7f  Motor_Forward                 
00000aaf  Motor_Right                   
00000ae9  Motor_Left                    
00000b23  Motor_Backward                
00000b75  LaunchPad_Init                
00000be5  LaunchPad_Input               
00000bff  LaunchPad_LED                 
00000c1d  LaunchPad_Output              
00000c69  waitForInput                  
00000c7d  TimedPause                    
00000c91  turnRight90                   
00000ca9  turnLeft90                    
00000cc1  checkBump                     
00000d07  main                          
00000d55  Bump_Init                     
00000d89  Bump_Read                     
00000e39  TimerA2_Init                  
00000e97  TimerA2_Stop                  
00000eab  TA2_0_IRQHandler              
00000eab  TA2_0_IRQHandler              
00000ee1  __aeabi_memcpy                
00000ee1  __aeabi_memcpy4               
00000ee1  __aeabi_memcpy8               
00000ee1  memcpy                        
00000f7d  __TI_decompress_lzss          
00000fe5  __TI_auto_init_nobinit_nopinit
00001029  _c_int00_noargs               
0000105d  DisableInterrupts             
00001063  EnableInterrupts              
00001069  StartCritical                 
00001073  EndCritical                   
0000107b  WaitForInterrupt              
00001081  __TI_zero_init_nomemset       
0000109d  __TI_decompress_none          
000010ab  Reset_Handler                 
000010b7  ADC14_IRQHandler              
000010b7  AES256_IRQHandler             
000010b7  BusFault_Handler              
000010b7  COMP_E0_IRQHandler            
000010b7  COMP_E1_IRQHandler            
000010b7  CS_IRQHandler                 
000010b7  DMA_ERR_IRQHandler            
000010b7  DMA_INT0_IRQHandler           
000010b7  DMA_INT1_IRQHandler           
000010b7  DMA_INT2_IRQHandler           
000010b7  DMA_INT3_IRQHandler           
000010b7  DebugMon_Handler              
000010b7  Default_Handler               
000010b7  EUSCIA0_IRQHandler            
000010b7  EUSCIA1_IRQHandler            
000010b7  EUSCIA2_IRQHandler            
000010b7  EUSCIA3_IRQHandler            
000010b7  EUSCIB0_IRQHandler            
000010b7  EUSCIB1_IRQHandler            
000010b7  EUSCIB2_IRQHandler            
000010b7  EUSCIB3_IRQHandler            
000010b7  FLCTL_IRQHandler              
000010b7  FPU_IRQHandler                
000010b7  HardFault_Handler             
000010b7  MemManage_Handler             
000010b7  NMI_Handler                   
000010b7  PCM_IRQHandler                
000010b7  PORT1_IRQHandler              
000010b7  PORT2_IRQHandler              
000010b7  PORT3_IRQHandler              
000010b7  PORT4_IRQHandler              
000010b7  PORT5_IRQHandler              
000010b7  PORT6_IRQHandler              
000010b7  PSS_IRQHandler                
000010b7  PendSV_Handler                
000010b7  RTC_C_IRQHandler              
000010b7  SVC_Handler                   
000010b7  SysTick_Handler               
000010b7  T32_INT1_IRQHandler           
000010b7  T32_INT2_IRQHandler           
000010b7  T32_INTC_IRQHandler           
000010b7  TA0_0_IRQHandler              
000010b7  TA0_N_IRQHandler              
000010b7  TA1_0_IRQHandler              
000010b7  TA1_N_IRQHandler              
000010b7  TA2_N_IRQHandler              
000010b7  TA3_0_IRQHandler              
000010b7  TA3_N_IRQHandler              
000010b7  UsageFault_Handler            
000010b7  WDT_A_IRQHandler              
000010b9  _system_pre_init              
000010bd  C$$EXIT                       
000010bd  abort                         
000010d0  __TI_Handler_Table_Base       
000010dc  __TI_Handler_Table_Limit      
000010e8  __TI_CINIT_Base               
000010f8  __TI_CINIT_Limit              
20000000  ClockFrequency                
20000004  Prewait                       
20000008  CPMwait                       
2000000c  Postwait                      
20000010  IFlags                        
20000014  Crystalstable                 
20000018  SystemCoreClock               
2000001c  TimerA2Task                   
2000fe00  __stack                       
20010000  __STACK_END                   
4000480c  WDTCTL_SYM                    
ffffffff  __TI_pprof_out_hndl           
ffffffff  __TI_prof_data_size           
ffffffff  __TI_prof_data_start          
ffffffff  __binit__                     
ffffffff  __c_args__                    
ffffffff  binit                         
UNDEFED   __mpu_init                    
UNDEFED   _system_post_cinit            

[137 symbols]
